// Jest Snapshot v1, https://goo.gl/fbAQLP

exports[`Button renders the button as expected 1`] = `
<button
  className="Button__StyledButton-sc-111d1jw-0 jnVyWs"
  onClick={[Function]}
  type="button"
>
  Hello
</button>
`;
